       |// PERMUTE_ARGS:
       |// POST_SCRIPT: runnable/extra-files/cov2-postscript.sh
       |// REQUIRED_ARGS: -cov
       |
       |extern(C) void dmd_coverDestPath(string pathname);
       |
       |/***************************************************/
       |
       |void test1()
       |{
      1|    dmd_coverDestPath("test_results/runnable");
       |
      1|    int counter = 20;
       |    do {
     20|        --counter;
       |    }
     20|    while(counter > 0);
       |}
       |
       |/***************************************************/
       |
       |struct S2
0000000|{
      2|    this(this) { int x = 1; }
      3|    ~this() { int x = 1; }
0000000|    ref S2 opAssign(S2) { return this; }
      1|    bool opEquals(ref const S2) const { return true; }
       |}
       |struct T2
     16|{
       |    S2 s;
       |
      2|    this(this) { int x = 1; }
      3|    ~this() { int x = 1; }
       |}
       |void test2()
       |{
      2|    T2 ta;
      2|    T2 tb = ta;
      1|    tb = ta;
      1|    typeid(T2).equals(&ta, &tb);
       |}
       |
       |/***************************************************/
       |
       |int main()
       |{
      1|    test1();
      1|    test2();
      1|    return 0;
       |}
       |
